// Jest Snapshot v1, https://goo.gl/fbAQLP

exports[`carriers does not show a carrier logo when there is only one carrier 1`] = `
<form class="myparcel-delivery-options">
  <!---->
  <div>
    <!---->
    <table class="myparcel-delivery-options__table" data-test-id="delivery">
      <tr class="myparcel-delivery-options__choice myparcel-delivery-options__choice--deliver myparcel-delivery-options__choice--selected" data-test-id="delivery" data-test-choice="deliver">
        <td class="myparcel-delivery-options__input">
          <div><input id="myparcel-delivery-options__delivery--deliver" type="radio" value="deliver" data-test-id="delivery__input" data-test-choice="deliver"></div>
        </td>
        <td colspan="2"><label for="myparcel-delivery-options__delivery--deliver"><span>Thuis of op het werk bezorgen</span>
            <!---->
            <!----></label>
          <transition-group-stub tag="div" name="fade" appear="true">
            <table class="myparcel-delivery-options__table">
              <tr class="myparcel-delivery-options__choice myparcel-delivery-options__choice--postnl myparcel-delivery-options__choice--selected" data-test-id="carrier" data-test-choice="postnl">
                <!---->
                <td><label for="myparcel-delivery-options__carrier--postnl"><span></span>
                    <!---->
                    <!----></label>
                  <transition-group-stub tag="div" name="fade" appear="true">
                    <table class="myparcel-delivery-options__table">
                      <tr>
                        <td><label><select id="myparcel-delivery-options__deliveryDate" name="deliveryDate" class="myparcel-delivery-options__w-100" data-test-id="deliveryDate__select">
                              <option value="2023-03-07T00:00:00.000Z" data-test-id="deliveryDate__select__option" data-test-choice="2023-03-07T00:00:00.000Z">Dinsdag 7 maart</option>
                              <option value="2023-03-08T00:00:00.000Z" data-test-id="deliveryDate__select__option" data-test-choice="2023-03-08T00:00:00.000Z">Woensdag 8 maart</option>
                              <option value="2023-03-09T00:00:00.000Z" data-test-id="deliveryDate__select__option" data-test-choice="2023-03-09T00:00:00.000Z">Donderdag 9 maart</option>
                              <option value="2023-03-10T00:00:00.000Z" data-test-id="deliveryDate__select__option" data-test-choice="2023-03-10T00:00:00.000Z">Vrijdag 10 maart</option>
                              <option value="2023-03-11T00:00:00.000Z" data-test-id="deliveryDate__select__option" data-test-choice="2023-03-11T00:00:00.000Z">Zaterdag 11 maart</option>
                              <option value="2023-03-14T00:00:00.000Z" data-test-id="deliveryDate__select__option" data-test-choice="2023-03-14T00:00:00.000Z">Dinsdag 14 maart</option>
                              <option value="2023-03-15T00:00:00.000Z" data-test-id="deliveryDate__select__option" data-test-choice="2023-03-15T00:00:00.000Z">Woensdag 15 maart</option>
                            </select></label></td>
                      </tr>
                    </table>
                    <table class="myparcel-delivery-options__table">
                      <tr class="myparcel-delivery-options__choice myparcel-delivery-options__choice--morning" data-test-id="deliveryMoment" data-test-choice="morning">
                        <td class="myparcel-delivery-options__input">
                          <div><input id="myparcel-delivery-options__deliveryMoment--morning" type="radio" value="morning" data-test-id="deliveryMoment__input" data-test-choice="morning"></div>
                        </td>
                        <td colspan="1"><label for="myparcel-delivery-options__deliveryMoment--morning"><span>08:00 – 12:00</span>
                            <!----> <span class="myparcel-delivery-options__float--right" data-test-id="price"><!----></span></label>
                          <!---->
                        </td>
                      </tr>
                      <tr class="myparcel-delivery-options__choice myparcel-delivery-options__choice--standard myparcel-delivery-options__choice--selected" data-test-id="deliveryMoment" data-test-choice="standard">
                        <td class="myparcel-delivery-options__input">
                          <div><input id="myparcel-delivery-options__deliveryMoment--standard" type="radio" value="standard" data-test-id="deliveryMoment__input" data-test-choice="standard"></div>
                        </td>
                        <td colspan="1"><label for="myparcel-delivery-options__deliveryMoment--standard"><span>08:30 – 21:30</span>
                            <!----> <strong class="myparcel-delivery-options__float--right" data-test-id="price"><!----></strong></label>
                          <!---->
                        </td>
                      </tr>
                      <tr class="myparcel-delivery-options__choice myparcel-delivery-options__choice--evening" data-test-id="deliveryMoment" data-test-choice="evening">
                        <td class="myparcel-delivery-options__input">
                          <div><input id="myparcel-delivery-options__deliveryMoment--evening" type="radio" value="evening" data-test-id="deliveryMoment__input" data-test-choice="evening"></div>
                        </td>
                        <td colspan="1"><label for="myparcel-delivery-options__deliveryMoment--evening"><span>18:00 – 22:00</span>
                            <!----> <span class="myparcel-delivery-options__float--right" data-test-id="price"><!----></span></label>
                          <!---->
                        </td>
                      </tr>
                      <!---->
                    </table>
                    <table class="myparcel-delivery-options__table">
                      <tr class="myparcel-delivery-options__choice myparcel-delivery-options__choice--only_recipient" data-test-id="shipmentOptions" data-test-choice="only_recipient">
                        <td class="myparcel-delivery-options__input">
                          <div><input id="myparcel-delivery-options__shipmentOptions--only_recipient" type="checkbox" name="shipmentOptions" value="only_recipient" data-test-id="shipmentOptions__input" data-test-choice="only_recipient"></div>
                        </td>
                        <td colspan="1"><label for="myparcel-delivery-options__shipmentOptions--only_recipient"><span>Alleen ontvanger</span>
                            <!----> <span class="myparcel-delivery-options__float--right" data-test-id="price"><!----></span></label>
                          <!---->
                        </td>
                      </tr>
                      <tr class="myparcel-delivery-options__choice myparcel-delivery-options__choice--signature" data-test-id="shipmentOptions" data-test-choice="signature">
                        <td class="myparcel-delivery-options__input">
                          <div><input id="myparcel-delivery-options__shipmentOptions--signature" type="checkbox" name="shipmentOptions" value="signature" data-test-id="shipmentOptions__input" data-test-choice="signature"></div>
                        </td>
                        <td colspan="1"><label for="myparcel-delivery-options__shipmentOptions--signature"><span>Handtekening voor ontvangst</span>
                            <!----> <span class="myparcel-delivery-options__float--right" data-test-id="price"><!----></span></label>
                          <!---->
                        </td>
                      </tr>
                      <!---->
                    </table>
                  </transition-group-stub>
                </td>
              </tr>
              <!---->
            </table>
          </transition-group-stub>
        </td>
      </tr>
      <tr class="myparcel-delivery-options__choice myparcel-delivery-options__choice--pickup" data-test-id="delivery" data-test-choice="pickup">
        <td class="myparcel-delivery-options__input">
          <div><input id="myparcel-delivery-options__delivery--pickup" type="radio" value="pickup" data-test-id="delivery__input" data-test-choice="pickup"></div>
        </td>
        <td colspan="2"><label for="myparcel-delivery-options__delivery--pickup"><span>Afhalen op locatie</span> <span class="myparcel-delivery-options__float--right" data-test-id="priceTag">Vanaf €&nbsp;0,00</span>
            <!----></label>
          <!---->
        </td>
      </tr>
      <!---->
    </table>
  </div>
</form>
`;
