// Jest Snapshot v1, https://goo.gl/fbAQLP

exports[`DeliveryOptions.vue hides and shows delivery options 2`] = `<!---->`;
